// Jest Snapshot v1, https://goo.gl/fbAQLP

exports[`containers/SearchProperty redirects to login if not logged in 1`] = `
<div>
  <div
    className="search-page row"
  >
    <div
      className="pr-0 border col-xl-2 col-lg-3 col-12"
    >
      <div
        className="search-sidebar"
      >
        Search Sidebar
      </div>
    </div>
    <div
      className="pl-0 search-table col-xl-10 col-lg-9 col-12"
    >
      
      <div
        className="border mb-4"
      >
        <table
          className="table table-hover"
        >
          <thead
            className="bg-info text-white"
          >
            <tr>
              <th>
                Property Type
              </th>
              <th>
                Address
              </th>
              <th>
                Rent
              </th>
              <th>
                Bedrooms
              </th>
              <th>
                Bathrooms
              </th>
              <th>
                Delete
              </th>
            </tr>
          </thead>
          <tbody>
            <tr
              className=""
              onClick={[Function]}
            >
              <td>
                string
              </td>
              <td>
                string
              </td>
              <td>
                0
              </td>
              <td>
                0
              </td>
              <td>
                0
              </td>
              <button
                className="btn btn-primary"
                disabled={false}
                type="button"
              >
                Delete
              </button>
            </tr>
          </tbody>
        </table>
      </div>
      <div
        className="text-center pagination ml-3 row"
      >
        <div
          className="col-sm-1"
        />
        <div
          className="col-sm-9"
        >
          <div
            className="btn-group"
            role="group"
          >
            <button
              className="PaginationBox btn btn-secondary"
              disabled={false}
              onClick={[Function]}
              type="button"
            >
              <a>
                Next
              </a>
            </button>
            <button
              className="PaginationBox btn btn-secondary"
              disabled={false}
              onClick={[Function]}
              type="button"
            >
              <a>
                Last
              </a>
            </button>
          </div>
        </div>
        <div
          className="col-sm-2"
        >
          <button
            className="justify-end btn btn-primary"
            disabled={false}
            onClick={[Function]}
            type="button"
          >
            Add Property
          </button>
        </div>
      </div>
    </div>
  </div>
</div>
`;
